main.c:69:6:display7SEG	16	static
main.c:182:6:update7SEG	16	static
main.c:220:6:updateClockBuffer	4	static
main.c:234:6:setTimer0	16	static
main.c:238:6:timer_run	4	static
main.c:253:6:setTimer1	16	static
main.c:258:6:setTimer2	16	static
main.c:274:6:update_led_matrix_buffer	24	static
main.c:315:6:updateLEDMatrix	16	static
main.c:375:5:main	8	static
main.c:454:6:SystemClock_Config	72	static
main.c:490:13:MX_TIM2_Init	32	static
main.c:535:13:MX_GPIO_Init	32	static
main.c:586:6:HAL_TIM_PeriodElapsedCallback	16	static
main.c:595:6:Error_Handler	4	static,ignoring_inline_asm
